Flow report for System_Bus_Final
Tue Sep  8 23:02:36 2026
Quartus Prime Version 24.1std.0 Build 1077 03/04/2025 SC Lite Edition


---------------------
; Table of Contents ;
---------------------
  1. Legal Notice
  2. Flow Summary
  3. Flow Settings
  4. Flow Non-Default Global Settings
  5. Flow Elapsed Time
  6. Flow OS Summary
  7. Flow Log
  8. Flow Messages
  9. Flow Suppressed Messages



----------------
; Legal Notice ;
----------------
Copyright (C) 2025  Altera Corporation. All rights reserved.
Your use of Altera Corporation's design tools, logic functions 
and other software and tools, and any partner logic 
functions, and any output files from any of the foregoing 
(including device programming or simulation files), and any 
associated documentation or information are expressly subject 
to the terms and conditions of the Altera Program License 
Subscription Agreement, the Altera Quartus Prime License Agreement,
the Altera IP License Agreement, or other applicable license
agreement, including, without limitation, that your use is for
the sole purpose of programming logic devices manufactured by
Altera and sold by Altera or its authorized distributors.  Please
refer to the Altera Software License Subscription Agreements 
on the Quartus Prime software download page.



+--------------------------------------------------------------------------------------+
; Flow Summary                                                                         ;
+------------------------------------+-------------------------------------------------+
; Flow Status                        ; Successful - Tue Sep  8 23:02:36 2026           ;
; Quartus Prime Version              ; 24.1std.0 Build 1077 03/04/2025 SC Lite Edition ;
; Revision Name                      ; System_Bus_Final                                ;
; Top-level Entity Name              ; top_debug                                       ;
; Family                             ; Cyclone IV E                                    ;
; Device                             ; EP4CE115F29C7                                   ;
; Timing Models                      ; Final                                           ;
; Total logic elements               ; 1,067                                           ;
;     Total combinational functions  ; 734                                             ;
;     Dedicated logic registers      ; 804                                             ;
; Total registers                    ; 804                                             ;
; Total pins                         ; 12                                              ;
; Total virtual pins                 ; 0                                               ;
; Total memory bits                  ; 81,920                                          ;
; Embedded Multiplier 9-bit elements ; 0                                               ;
; Total PLLs                         ; 0                                               ;
+------------------------------------+-------------------------------------------------+


+-----------------------------------------+
; Flow Settings                           ;
+-------------------+---------------------+
; Option            ; Setting             ;
+-------------------+---------------------+
; Start date & time ; 09/08/2026 23:02:17 ;
; Main task         ; Compilation         ;
; Revision Name     ; System_Bus_Final    ;
+-------------------+---------------------+


+---------------------------------------------------------------------------------------------------------------------------------------------------+
; Flow Non-Default Global Settings                                                                                                                  ;
+-------------------------------------+----------------------------------------+------------------+-------------+-----------------------------------+
; Assignment Name                     ; Value                                  ; Default Value    ; Entity Name ; Section Id                        ;
+-------------------------------------+----------------------------------------+------------------+-------------+-----------------------------------+
; COMPILER_SIGNATURE_ID               ; 193775444632986.178888873734488        ; --               ; --          ; --                                ;
; EDA_DESIGN_INSTANCE_NAME            ; NA                                     ; --               ; --          ; tb_address_decoder                ;
; EDA_DESIGN_INSTANCE_NAME            ; NA                                     ; --               ; --          ; tb_slave_0_split_4k               ;
; EDA_DESIGN_INSTANCE_NAME            ; NA                                     ; --               ; --          ; tb_arbiter_2m_split               ;
; EDA_DESIGN_INSTANCE_NAME            ; NA                                     ; --               ; --          ; tb_slave_fast_ram                 ;
; EDA_DESIGN_INSTANCE_NAME            ; NA                                     ; --               ; --          ; tb_top_bus_system                 ;
; EDA_GENERATE_FUNCTIONAL_NETLIST     ; Off                                    ; --               ; --          ; eda_board_design_timing           ;
; EDA_GENERATE_FUNCTIONAL_NETLIST     ; Off                                    ; --               ; --          ; eda_board_design_boundary_scan    ;
; EDA_GENERATE_FUNCTIONAL_NETLIST     ; Off                                    ; --               ; --          ; eda_board_design_signal_integrity ;
; EDA_GENERATE_FUNCTIONAL_NETLIST     ; Off                                    ; --               ; --          ; eda_board_design_symbol           ;
; EDA_OUTPUT_DATA_FORMAT              ; None                                   ; --               ; --          ; eda_simulation                    ;
; EDA_TEST_BENCH_FILE                 ; tb_address_decoder.v                   ; --               ; --          ; tb_address_decoder                ;
; EDA_TEST_BENCH_FILE                 ; tb_slave_0_split_4k.v                  ; --               ; --          ; tb_slave_0_split_4k               ;
; EDA_TEST_BENCH_FILE                 ; tb_arbiter_2m_split.v                  ; --               ; --          ; tb_arbiter_2m_split               ;
; EDA_TEST_BENCH_FILE                 ; tb_slave_fast_ram.v                    ; --               ; --          ; tb_slave_fast_ram                 ;
; EDA_TEST_BENCH_FILE                 ; tb_top_bus_system.v                    ; --               ; --          ; tb_top_bus_system                 ;
; EDA_TEST_BENCH_MODULE_NAME          ; tb_address_decoder                     ; --               ; --          ; tb_address_decoder                ;
; EDA_TEST_BENCH_MODULE_NAME          ; tb_slave_0_split_4k                    ; --               ; --          ; tb_slave_0_split_4k               ;
; EDA_TEST_BENCH_MODULE_NAME          ; tb_arbiter_2m_split                    ; --               ; --          ; tb_arbiter_2m_split               ;
; EDA_TEST_BENCH_MODULE_NAME          ; tb_slave_fast_ram                      ; --               ; --          ; tb_slave_fast_ram                 ;
; EDA_TEST_BENCH_MODULE_NAME          ; tb_top_bus_system                      ; --               ; --          ; tb_top_bus_system                 ;
; MAX_CORE_JUNCTION_TEMP              ; 85                                     ; --               ; --          ; --                                ;
; MIN_CORE_JUNCTION_TEMP              ; 0                                      ; --               ; --          ; --                                ;
; PARTITION_COLOR                     ; -- (Not supported for targeted family) ; --               ; top_debug   ; Top                               ;
; PARTITION_FITTER_PRESERVATION_LEVEL ; -- (Not supported for targeted family) ; --               ; top_debug   ; Top                               ;
; PARTITION_NETLIST_TYPE              ; -- (Not supported for targeted family) ; --               ; top_debug   ; Top                               ;
; POWER_BOARD_THERMAL_MODEL           ; None (CONSERVATIVE)                    ; --               ; --          ; --                                ;
; POWER_PRESET_COOLING_SOLUTION       ; 23 MM HEAT SINK WITH 200 LFPM AIRFLOW  ; --               ; --          ; --                                ;
; PROJECT_OUTPUT_DIRECTORY            ; output_files                           ; --               ; --          ; --                                ;
; TOP_LEVEL_ENTITY                    ; top_debug                              ; System_Bus_Final ; --          ; --                                ;
+-------------------------------------+----------------------------------------+------------------+-------------+-----------------------------------+


+--------------------------------------------------------------------------------------------------------------------------+
; Flow Elapsed Time                                                                                                        ;
+----------------------+--------------+-------------------------+---------------------+------------------------------------+
; Module Name          ; Elapsed Time ; Average Processors Used ; Peak Virtual Memory ; Total CPU Time (on all processors) ;
+----------------------+--------------+-------------------------+---------------------+------------------------------------+
; Analysis & Synthesis ; 00:00:18     ; 1.0                     ; 507 MB              ; 00:00:33                           ;
; Total                ; 00:00:18     ; --                      ; --                  ; 00:00:33                           ;
+----------------------+--------------+-------------------------+---------------------+------------------------------------+


+---------------------------------------------------------------------------------+
; Flow OS Summary                                                                 ;
+----------------------+------------------+---------+------------+----------------+
; Module Name          ; Machine Hostname ; OS Name ; OS Version ; Processor type ;
+----------------------+------------------+---------+------------+----------------+
; Analysis & Synthesis ; Linux            ; Ubuntu  ; 24         ; x86_64         ;
+----------------------+------------------+---------+------------+----------------+


------------
; Flow Log ;
------------
quartus_map --read_settings_files=on --write_settings_files=off System_Bus_Final -c System_Bus_Final



